bProt int	$	    ::ClassD::bProt
bProtSt int	$	    ::ClassD::bProtSt
bPub int	$	    ::ClassD::bPub
bPubSt int	$	    ::ClassD::bPubSt
cProt int	$	    ::ClassD::cProt
cProtSt int	$	    ::ClassD::cProtSt
cPub int	$	    ::ClassD::cPub
cPubSt int	$	    ::ClassD::cPubSt
dPriv int	$	    ::ClassD::dPriv
dPrivSt int	$	    ::ClassD::dPrivSt
dProt int	$	    ::ClassD::dProt
dProtSt int	$	    ::ClassD::dProtSt
dPub int	$	    ::ClassD::dPub
dPubSt int	$	    ::ClassD::dPubSt
bProtFun() void	$	    ::ClassD::bProtFun()
bProtFunSt() void	$	    ::ClassD::bProtFunSt()
bPubFun() void	$	    ::ClassD::bPubFun()
bPubFunSt() void	$	    ::ClassD::bPubFunSt()
cProtFun() void	$	    ::ClassD::cProtFun()
cProtFunSt() void	$	    ::ClassD::cProtFunSt()
cPubFun() void	$	    ::ClassD::cPubFun()
cPubFunSt() void	$	    ::ClassD::cPubFunSt()
dPrivFun() void	$	    ::ClassD::dPrivFun()
dPrivFunSt() void	$	    ::ClassD::dPrivFunSt()
dProtFun() void	$	    ::ClassD::dProtFun()
dProtFunSt() void	$	    ::ClassD::dProtFunSt()
dPubFun() void	$	    ::ClassD::dPubFun()
dPubFunSt() void	$	    ::ClassD::dPubFunSt()
