bProt int	$	    ::ClassB::bProt
bProtSt int	$	    ::ClassB::bProtSt
bPub int	$	    ::ClassB::bPub
bPubSt int	$	    ::ClassB::bPubSt
bProtFun() void	$	    ::ClassB::bProtFun()
bProtFunSt() void	$	    ::ClassB::bProtFunSt()
bPubFun() void	$	    ::ClassB::bPubFun()
bPubFunSt() void	$	    ::ClassB::bPubFunSt()
