aPrivSt int	$	    ClassE::aPrivSt
aProtSt int	$	    ClassE::aProtSt
aPubSt int	$	    ClassE::aPubSt
dEubSt int	$	    ClassE::dEubSt
aPrivFunSt() void	$	    ClassE::aPrivFunSt()
aProtFunSt() void	$	    ClassE::aProtFunSt()
aPubFunSt() void	$	    ClassE::aPubFunSt()
dEubFunSt() void	$	    ClassE::dEubFunSt()
