aProt int	$	    b.aProt
aProtSt int	$	    b.aProtSt
aPub int	$	    b.aPub
aPubSt int	$	    b.aPubSt
bPriv int	$	    b.bPriv
bPrivSt int	$	    b.bPrivSt
bProt int	$	    b.bProt
bProtSt int	$	    b.bProtSt
bPub int	$	    b.bPub
bPubSt int	$	    b.bPubSt
aProtFun() void	$	    b.aProtFun()
aProtFunSt() void	$	    b.aProtFunSt()
aPubFun() void	$	    b.aPubFun()
aPubFunSt() void	$	    b.aPubFunSt()
bPrivFun() void	$	    b.bPrivFun()
bPrivFunSt() void	$	    b.bPrivFunSt()
bProtFun() void	$	    b.bProtFun()
bProtFunSt() void	$	    b.bProtFunSt()
bPubFun() void	$	    b.bPubFun()
bPubFunSt() void	$	    b.bPubFunSt()
