aProtSt int	$	    ClassB::aProtSt
aPubSt int	$	    ClassB::aPubSt
bPrivSt int	$	    ClassB::bPrivSt
bProtSt int	$	    ClassB::bProtSt
bPubSt int	$	    ClassB::bPubSt
aProtFunSt() void	$	    ClassB::aProtFunSt()
aPubFunSt() void	$	    ClassB::aPubFunSt()
bPrivFunSt() void	$	    ClassB::bPrivFunSt()
bProtFunSt() void	$	    ClassB::bProtFunSt()
bPubFunSt() void	$	    ClassB::bPubFunSt()
