cProt int	$	    ::ClassC::cProt
cProtSt int	$	    ::ClassC::cProtSt
cPub int	$	    ::ClassC::cPub
cPubSt int	$	    ::ClassC::cPubSt
cProtFun() void	$	    ::ClassC::cProtFun()
cProtFunSt() void	$	    ::ClassC::cProtFunSt()
cPubFun() void	$	    ::ClassC::cPubFun()
cPubFunSt() void	$	    ::ClassC::cPubFunSt()
