Block:	Position 1:7-1:18	CLASS
Block:	Position 3:9-3:24	CLASS_FIELD
Block:	Position 6:5-6:9	FUNCTION
Block:	Position 6:27-6:31	UNUSED_VARIABLES
Block:	Position 8:10-8:13	UNUSED_VARIABLES
Block:	Position 8:18-8:21	UNUSED_VARIABLES
Block:	Position 10:15-10:18	UNUSED_VARIABLES
Block:	Position 15:6-15:10	FUNCTION
