aProtSt int	$	    ClassD::aProtSt
aPubSt int	$	    ClassD::aPubSt
bPrivSt int	$	    ClassD::bPrivSt
bProtSt int	$	    ClassD::bProtSt
bPubSt int	$	    ClassD::bPubSt
dPubSt int	$	    ClassD::dPubSt
aProtFunSt() void	$	    ClassD::aProtFunSt()
aPubFunSt() void	$	    ClassD::aPubFunSt()
bPrivFunSt() void	$	    ClassD::bPrivFunSt()
bProtFunSt() void	$	    ClassD::bProtFunSt()
bPubFunSt() void	$	    ClassD::bPubFunSt()
dPubFunSt() void	$	    ClassD::dPubFunSt()
