strMethod(char* s) void	$	        strMethod()
test() void	$	        test()
xxx() void	$	        xxx()
C()	$	        C()
A	$	        A
B	$	        B
C	$	        C
In_Macro	$	        In_Macro
globInt int	$	        globInt
checkZero() void	$	        checkZero()
globFoo() void	$	        globFoo()
main(int argc, char** argv) int	$	        main()
