cpu.cc: <2253 (46 : 4), 2259 (46 : 10)>: Module -> NewModule
cpu.h: <2179 (46 : 19), 2185 (46 : 25)>: Module -> NewModule
disk.cc: <2246 (46 : 4), 2252 (46 : 10)>: Module -> NewModule
disk.h: <2176 (45 : 20), 2182 (45 : 26)>: Module -> NewModule
memory.cc: <2217 (44 : 4), 2223 (44 : 10)>: Module -> NewModule
memory.h: <2182 (45 : 22), 2188 (45 : 28)>: Module -> NewModule
module.cc: <2207 (46 : 0), 2213 (46 : 6)>: Module -> NewModule
module.cc: <2215 (46 : 8), 2221 (46 : 14)>: Module -> NewModule
module.cc: <2290 (51 : 0), 2296 (51 : 6)>: Module -> NewModule
module.cc: <2298 (51 : 8), 2304 (51 : 14)>: Module -> NewModule
module.cc: <2542 (60 : 0), 2548 (60 : 6)>: Module -> NewModule
module.cc: <2550 (60 : 8), 2556 (60 : 14)>: Module -> NewModule
module.cc: <2563 (60 : 21), 2569 (60 : 27)>: Module -> NewModule
module.cc: <2749 (68 : 0), 2755 (68 : 6)>: Module -> NewModule
module.cc: <2757 (68 : 8), 2763 (68 : 14)>: Module -> NewModule
module.cc: <2782 (68 : 33), 2788 (68 : 39)>: Module -> NewModule
module.cc: <2991 (78 : 0), 2997 (78 : 6)>: Module -> NewModule
module.cc: <3000 (78 : 9), 3006 (78 : 15)>: Module -> NewModule
module.cc: <3019 (81 : 5), 3025 (81 : 11)>: Module -> NewModule
module.cc: <3123 (85 : 12), 3129 (85 : 18)>: Module -> NewModule
module.cc: <3196 (89 : 5), 3202 (89 : 11)>: Module -> NewModule
module.cc: <3280 (93 : 12), 3286 (93 : 18)>: Module -> NewModule
module.cc: <3343 (97 : 5), 3349 (97 : 11)>: Module -> NewModule
module.cc: <3403 (101 : 4), 3409 (101 : 10)>: Module -> NewModule
module.cc: <3456 (105 : 5), 3462 (105 : 11)>: Module -> NewModule
module.cc: <3532 (109 : 4), 3538 (109 : 10)>: Module -> NewModule
module.cc: <3593 (113 : 5), 3599 (113 : 11)>: Module -> NewModule
module.cc: <3657 (117 : 4), 3663 (117 : 10)>: Module -> NewModule
module.cc: <3710 (121 : 5), 3716 (121 : 11)>: Module -> NewModule
module.cc: <3792 (125 : 4), 3798 (125 : 10)>: Module -> NewModule
module.cc: <3900 (129 : 44), 3906 (129 : 50)>: Module -> NewModule
module.h: <2211 (50 : 6), 2217 (50 : 12)>: Module -> NewModule
module.h: <2232 (52 : 4), 2238 (52 : 10)>: Module -> NewModule
module.h: <2246 (53 : 4), 2252 (53 : 10)>: Module -> NewModule
module.h: <2347 (54 : 13), 2353 (54 : 19)>: Module -> NewModule
module.h: <2437 (56 : 4), 2443 (56 : 10)>: Module -> NewModule
module.h: <2450 (56 : 17), 2456 (56 : 23)>: Module -> NewModule
module.h: <2487 (57 : 4), 2493 (57 : 10)>: Module -> NewModule
module.h: <2512 (57 : 29), 2518 (57 : 35)>: Module -> NewModule
module.h: <3409 (90 : 44), 3415 (90 : 50)>: Module -> NewModule
system.cc: <2295 (51 : 23), 2301 (51 : 29)>: Module -> NewModule
system.cc: <2399 (56 : 0), 2405 (56 : 6)>: Module -> NewModule
system.h: <2346 (56 : 4), 2352 (56 : 10)>: Module -> NewModule
system.h: <2401 (57 : 19), 2407 (57 : 25)>: Module -> NewModule
system.h: <2515 (63 : 12), 2521 (63 : 18)>: Module -> NewModule