GtkZZZZZ	$	    GtkZZZZZ
str	$	    str
si int	$	    si
i1 int	$	    i1
q str	$	    q
aliases() void	$	    aliases()
f1() void	$	    f1()
foo() int	$	    foo()
innerNS3Func() void	$	    innerNS3Func()
main(int argc, char** argv) int	$	    main(int argc, char** argv)
sfoo() void	$	    sfoo()
sfoo2() void	$	    sfoo2()
usingS1() void	$	    usingS1()
usingS1S2() void	$	    usingS1S2()
usingS2() void	$	    usingS2()
Gtk	$	    Gtk
S1	$	    S1
S2	$	    S2
S3	$	    S3
