24:INHERITED A proper_parent_multy.cc:64,B1 proper_parent_multy.cc:34
28:INHERITED A proper_parent_multy.cc:64,B1 proper_parent_multy.cc:34
31:INHERITED A proper_parent_multy.cc:64,B1 proper_parent_multy.cc:34
34:INHERITED A proper_parent_multy.cc:64
38:INHERITED A proper_parent_multy.cc:64,B2 proper_parent_multy.cc:49
41:INHERITED A proper_parent_multy.cc:64,B2 proper_parent_multy.cc:49
45:INHERITED A proper_parent_multy.cc:64,B2 proper_parent_multy.cc:49
49:INHERITED A proper_parent_multy.cc:64
52:INHERITED A proper_parent_multy.cc:64,B3 proper_parent_multy.cc:61
55:INHERITED A proper_parent_multy.cc:64,B3 proper_parent_multy.cc:61
58:INHERITED A proper_parent_multy.cc:64,B3 proper_parent_multy.cc:61
61:INHERITED A proper_parent_multy.cc:64
