INITIAL_COMMENT_FOLD (0, 25)
INCLUDES_FOLD (34, 79)
BLOCK_COMMENT_FOLD (81, 105)
INCLUDES_FOLD (115, 160)
COMMENTS_FOLD (163, 185)
INCLUDES_FOLD (195, 240)
FUNCTION_FOLD (253, 283)
BLOCK_COMMENT_FOLD (256, 280)
BLOCK_COMMENT_FOLD (286, 310)
INCLUDES_FOLD (320, 365)
NAMESPACE_FOLD (381, 386)
BLOCK_COMMENT_FOLD (388, 412)
INCLUDES_FOLD (422, 467)
CLASS_FOLD (477, 481)
