aPriv int	$	    e.aPriv
aPrivSt int	$	    e.aPrivSt
aProt int	$	    e.aProt
aProtSt int	$	    e.aProtSt
aPub int	$	    e.aPub
aPubSt int	$	    e.aPubSt
dEub int	$	    e.dEub
dEubSt int	$	    e.dEubSt
aPrivFun() void	$	    e.aPrivFun()
aPrivFunSt() void	$	    e.aPrivFunSt()
aProtFun() void	$	    e.aProtFun()
aProtFunSt() void	$	    e.aProtFunSt()
aPubFun() void	$	    e.aPubFun()
aPubFunSt() void	$	    e.aPubFunSt()
dEubFun() void	$	    e.dEubFun()
dEubFunSt() void	$	    e.dEubFunSt()
