bProt int	$	    d.bProt
bPub int	$	    d.bPub
cProt int	$	    d.cProt
cPub int	$	    d.cPub
dPriv int	$	    d.dPriv
dProt int	$	    d.dProt
dPub int	$	    d.dPub
bProtFun() void	$	    d.bProtFun()
bPubFun() void	$	    d.bPubFun()
cProtFun() void	$	    d.cProtFun()
cPubFun() void	$	    d.cPubFun()
dPrivFun() void	$	    d.dPrivFun()
dProtFun() void	$	    d.dProtFun()
dPubFun() void	$	    d.dPubFun()
