Block:	Position 3:9-3:11	DEFINED_MACRO
Block:	Position 5:1-5:8	CLASS_USAGE
Block:	Position 5:10-5:17	FUNCTION
Block:	Position 6:5-6:10	CLASS_FIELD
Block:	Position 9:1-9:11	CLASS_USAGE
Block:	Position 9:13-9:20	FUNCTION
Block:	Position 10:5-10:16	CLASS_FIELD
Block:	Position 13:6-13:13	CLASS_USAGE
Block:	Position 13:15-13:18	FUNCTION
Block:	Position 14:5-14:10	CLASS_FIELD
Block:	Position 14:13-14:15	DEFINED_MACRO
Block:	Position 15:12-15:14	UNUSED_VARIABLES
Block:	Position 16:9-16:15	UNUSED_VARIABLES
Block:	Position 16:18-16:23	CLASS_FIELD
Block:	Position 17:11-17:16	CLASS_FIELD
Block:	Position 18:10-18:15	CLASS_FIELD
Block:	Position 19:5-19:10	CLASS_FIELD
Block:	Position 19:13-19:16	FUNCTION_USAGE
Block:	Position 19:17-19:22	CLASS_FIELD
Block:	Position 21:18-21:23	CLASS_FIELD
Block:	Position 22:13-22:16	FUNCTION_USAGE
Block:	Position 25:5-25:12	CLASS_USAGE
Block:	Position 25:14-25:17	FUNCTION
Block:	Position 26:12-26:17	CLASS_FIELD
Block:	Position 31:5-31:9	FUNCTION
Block:	Position 32:9-32:10	UNUSED_VARIABLES