aProt int	$	    ClassB::aProt
aPub int	$	    ClassB::aPub
bPriv int	$	    ClassB::bPriv
bProt int	$	    ClassB::bProt
bPub int	$	    ClassB::bPub
aProtFun() void	$	    ClassB::aProtFun()
aPubFun() void	$	    ClassB::aPubFun()
bPrivFun() void	$	    ClassB::bPrivFun()
bProtFun() void	$	    ClassB::bProtFun()
bPubFun() void	$	    ClassB::bPubFun()
