bProt int	$	    ClassD::bProt
bPub int	$	    ClassD::bPub
cProt int	$	    ClassD::cProt
cPub int	$	    ClassD::cPub
dPriv int	$	    ClassD::dPriv
dProt int	$	    ClassD::dProt
dPub int	$	    ClassD::dPub
bProtFun() void	$	    ClassD::bProtFun()
bPubFun() void	$	    ClassD::bPubFun()
cProtFun() void	$	    ClassD::cProtFun()
cPubFun() void	$	    ClassD::cPubFun()
dPrivFun() void	$	    ClassD::dPrivFun()
dProtFun() void	$	    ClassD::dProtFun()
dPubFun() void	$	    ClassD::dPubFun()
