DummyProject MEDIUM
DummyProject MEDIUM
DummyProject MEMORY_H
DummyProject MODULE_H
DummyProject Memory
DummyProject Memory(int,int,int)
DummyProject MemoryCategory
DummyProject MemoryType
DummyProject Module
DummyProject Module()
DummyProject Module(const Module&)
DummyProject Module(const char*,const char*,int,int,int)
DummyProject main(int,char**)
DummyProject moduleList
