Block:	Position 1:9-1:10	DEFINED_MACRO
Block:	Position 3:13-12:15	INACTIVE_CODE
Block:	Position 14:5-14:6	DEFINED_MACRO
Block:	Position 14:12-15:18	INACTIVE_CODE
Block:	Position 16:7-16:8	DEFINED_MACRO
Block:	Position 18:7-18:8	DEFINED_MACRO
Block:	Position 18:12-19:17	INACTIVE_CODE
Block:	Position 20:6-21:15	INACTIVE_CODE
Block:	Position 23:7-24:24	INACTIVE_CODE
