Block:	Position 1:9-1:12	DEFINED_MACRO
Block:	Position 4:12-5:13	INACTIVE_CODE
Block:	Position 7:11-7:14	DEFINED_MACRO
Block:	Position 8:16-8:24	DEFINED_MACRO
Block:	Position 10:9-11:21	INACTIVE_CODE
Block:	Position 15:8-15:16	DEFINED_MACRO
Block:	Position 19:8-19:11	DEFINED_MACRO
Block:	Position 20:8-20:16	DEFINED_MACRO
Block:	Position 22:12-23:14	INACTIVE_CODE
Block:	Position 25:14-27:25	INACTIVE_CODE
Block:	Position 33:16-34:19	INACTIVE_CODE
